============================= test session starts ==============================
platform linux -- Python 3.12.3, pytest-9.0.2, pluggy-1.6.0 -- /home/ubuntu/AgenticDataAnalysis/backend/venv/bin/python3
cachedir: .pytest_cache
rootdir: /home/ubuntu/AgenticDataAnalysis
plugins: anyio-4.13.0, langsmith-0.7.24, cov-7.1.0, asyncio-1.3.0
asyncio: mode=Mode.STRICT, debug=False, asyncio_default_fixture_loop_scope=None, asyncio_default_test_loop_scope=function
collecting ... collected 13 items

backend/tests/test_agent_integration.py::test_agent_process_query_persists PASSED [  7%]
backend/tests/test_api.py::test_create_session PASSED                    [ 15%]
backend/tests/test_api.py::test_list_sessions PASSED                     [ 23%]
backend/tests/test_api.py::test_upload_dataset PASSED                    [ 30%]
backend/tests/test_api.py::test_unauthorized_access PASSED               [ 38%]
backend/tests/test_auth.py::test_register_user PASSED                    [ 46%]
backend/tests/test_auth.py::test_login_success PASSED                    [ 53%]
backend/tests/test_auth.py::test_login_wrong_password PASSED             [ 61%]
backend/tests/test_persistence.py::test_session_persistence_after_restart PASSED [ 69%]
backend/tests/test_security.py::test_block_file_system_access PASSED     [ 76%]
backend/tests/test_security.py::test_block_network_access PASSED         [ 84%]
backend/tests/test_security.py::test_timeout_enforcement PASSED          [ 92%]
backend/tests/test_security.py::test_memory_limit PASSED                 [100%]

=============================== warnings summary ===============================
backend/venv/lib/python3.12/site-packages/passlib/utils/__init__.py:854
  /home/ubuntu/AgenticDataAnalysis/backend/venv/lib/python3.12/site-packages/passlib/utils/__init__.py:854: DeprecationWarning: 'crypt' is deprecated and slated for removal in Python 3.13
    from crypt import crypt as _crypt

-- Docs: https://docs.pytest.org/en/stable/how-to/capture-warnings.html
================================ tests coverage ================================
_______________ coverage: platform linux, python 3.12.3-final-0 ________________

Name                                      Stmts   Miss  Cover
-------------------------------------------------------------
backend/agents/agent_manager.py             136     51    62%
backend/api/main.py                          35      4    89%
backend/api/routes/auth.py                   40      4    90%
backend/api/routes/sessions.py               69     22    68%
backend/api/schemas/auth.py                  18      0   100%
backend/api/schemas/sessions.py              47      0   100%
backend/celery_app.py                         5      5     0%
backend/core/config.py                       31      5    84%
backend/core/security.py                     17      1    94%
backend/db/database.py                       11      4    64%
backend/db/models.py                         55      0   100%
backend/security/code_sandbox.py             40      3    92%
backend/tasks.py                             18     18     0%
backend/tests/conftest.py                    43      0   100%
backend/tests/test_agent_integration.py      25      0   100%
backend/tests/test_api.py                    27      0   100%
backend/tests/test_auth.py                   17      0   100%
backend/tests/test_persistence.py            35      2    94%
backend/tests/test_security.py               21      0   100%
-------------------------------------------------------------
TOTAL                                       690    119    83%
======================== 13 passed, 1 warning in 10.86s ========================
